Copyright 1986-2020 Xilinx, Inc. All Rights Reserved.
---------------------------------------------------------------------------------------------------------------------------------------------
| Tool Version : Vivado v.2020.2 (win64) Build 3064766 Wed Nov 18 09:12:45 MST 2020
| Date         : Thu Mar  9 17:32:52 2023
| Host         : 3304-PC running 64-bit major release  (build 9200)
| Command      : report_drc -file LedPosition_BASYS3_drc_opted.rpt -pb LedPosition_BASYS3_drc_opted.pb -rpx LedPosition_BASYS3_drc_opted.rpx
| Design       : LedPosition_BASYS3
| Device       : xc7a35tcpg236-1
| Speed File   : -1
| Design State : Synthesized
---------------------------------------------------------------------------------------------------------------------------------------------

Report DRC

Table of Contents
-----------------
1. REPORT SUMMARY
2. REPORT DETAILS

1. REPORT SUMMARY
-----------------
            Netlist: netlist
          Floorplan: design_1
      Design limits: <entire design considered>
           Ruledeck: default
             Max violations: <unlimited>
             Violations found: 1
+--------+----------+------------------------------------------------+------------+
| Rule   | Severity | Description                                    | Violations |
+--------+----------+------------------------------------------------+------------+
| PLIO-3 | Warning  | Placement Constraints Check for IO constraints | 1          |
+--------+----------+------------------------------------------------+------------+

2. REPORT DETAILS
-----------------
PLIO-3#1 Warning
Placement Constraints Check for IO constraints  
Partially locked IO Bus is found. Following components of the IO Bus sw[15:0] are not locked:  sw[15] sw[14] sw[13] sw[12] sw[11] sw[10] sw[9] sw[8] sw[7] sw[6] sw[5] sw[4] sw[3] sw[2] sw[1]
Related violations: <none>


